// Jest Snapshot v1, https://goo.gl/fbAQLP

exports[`Search"s tests Search"s snapshot 1`] = `
<div
  className="search"
>
  <i
    className="fa fa-search"
  />
  <input
    onChange={[Function]}
    onFocus={[Function]}
    placeholder="Filter by name"
  />
</div>
`;
